ERROR: Miguel, Duke of Braganza has three parents: [Adelaide of Löwenstein-Wertheim-Rosenberg (https://en.wikipedia.org/wiki/Adelaide_of_L%C3%B6wenstein-Wertheim-Rosenberg), Miguel I of Portugal (https://en.wikipedia.org/wiki/Miguel_I_of_Portugal), Princess Maria Theresa of Löwenstein-Wertheim-Rosenberg (https://en.wikipedia.org/wiki/Princess_Maria_Theresa_of_L%C3%B6wenstein-Wertheim-Rosenberg)]
ERROR: Prince Andrew of Yugoslavia has three parents: [Karl, Prince of Leiningen (1898–1946) (https://en.wikipedia.org/wiki/Karl,_Prince_of_Leiningen), Alexander I of Yugoslavia (https://en.wikipedia.org/wiki/Alexander_I_of_Yugoslavia), Maria of Yugoslavia (https://en.wikipedia.org/wiki/Maria_of_Yugoslavia)]
ERROR: Duke Philipp of Württemberg has three parents: [Princess Hildegard of Bavaria (https://en.wikipedia.org/wiki/Princess_Hildegard_of_Bavaria), Archduke Albrecht, Duke of Teschen (https://en.wikipedia.org/wiki/Archduke_Albert,_Duke_of_Teschen), Duke Alexander of Württemberg (1804–1881) (https://en.wikipedia.org/wiki/Alexander_of_W%C3%BCrttemberg_(1804-1881)), Princess Marie of Orléans (1813–1839) (https://en.wikipedia.org/wiki/Marie_d%27Orl%C3%A9ans_(1813-1839))]
ERROR: Friedrich Christian, Margrave of Meissen has three parents: [Albert, 8th Prince of Thurn and Taxis (https://en.wikipedia.org/wiki/Albert,_8th_Prince_of_Thurn_and_Taxis), Archduchess Louise of Austria (https://en.wikipedia.org/wiki/Archduchess_Louise_of_Austria), Frederick Augustus III of Saxony (https://en.wikipedia.org/wiki/Frederick_Augustus_III_of_Saxony), Archduchess Margarethe Klementine of Austria (https://en.wikipedia.org/wiki/Archduchess_Margarethe_Klementine_of_Austria)]
ERROR: Thomas Holland, 1st Duke of Surrey has three parents: [Alice Holland, Countess of Kent (https://en.wikipedia.org/wiki/Alice_FitzAlan_(1350-1416)), Hugh Stafford, 2nd Earl of Stafford (https://en.wikipedia.org/wiki/Hugh_de_Stafford,_2nd_Earl_of_Stafford), Thomas Holland, 2nd Earl of Kent (https://en.wikipedia.org/wiki/Thomas_Holland,_2nd_Earl_of_Kent), Philippa de Beauchamp (https://en.wikipedia.org/wiki/Philippa_de_Beauchamp)]
ERROR: William IV has three parents: [Adelaide of Saxe-Meiningen (https://en.wikipedia.org/wiki/Adelaide_of_Saxe-Meiningen), Charlotte of Mecklenburg-Strelitz (https://en.wikipedia.org/wiki/Charlotte_of_Mecklenburg-Strelitz), George III (https://en.wikipedia.org/wiki/George_III_of_the_United_Kingdom)]
ERROR: Charles III of Spain has three parents: [Elisabeth Farnese (https://en.wikipedia.org/wiki/Elisabeth_Farnese), Maria Amalia of Saxony (https://en.wikipedia.org/wiki/Maria_Amalia_of_Saxony), Philip V of Spain (https://en.wikipedia.org/wiki/Philip_V_of_Spain)]
ERROR: Vsevolod I of Kiev has three parents: [Yaroslav the Wise (https://en.wikipedia.org/wiki/Yaroslav_the_Wise), Ingegerd Olofsdotter of Sweden (https://en.wikipedia.org/wiki/Ingegerd_Olofsdotter_of_Sweden), Olof Skötkonung (https://en.wikipedia.org/wiki/Olof_Sk%C3%B6tkonung)]
ERROR: Alois-Konstantin, 9th Prince of Löwenstein-Wertheim-Rosenberg has three parents: [Karl, 8th Prince of Löwenstein-Wertheim-Rosenberg (https://en.wikipedia.org/wiki/Karl,_8th_Prince_of_L%C3%B6wenstein-Wertheim-Rosenberg), Prince Hubertus of Prussia (https://en.wikipedia.org/wiki/Prince_Hubertus_of_Prussia), Leo Löwenstein (https://en.wikipedia.org/wiki/Leo_L%C3%B6wenstein)]
ERROR: Ippolita Maria Sforza (1493–1501) has three parents: [Isabella of Aragon, Duchess of Milan (https://en.wikipedia.org/wiki/Isabella_of_Aragon,_Duchess_of_Milan), Gian Galeazzo Sforza (https://en.wikipedia.org/wiki/Gian_Galeazzo_Sforza), Milan (https://en.wikipedia.org/wiki/Milan)]
ERROR: Joseph I, Holy Roman Emperor has three parents: [Eleonore Magdalene of Neuburg (https://en.wikipedia.org/wiki/Eleonor_Magdalene_of_the_Palatinate-Neuburg), Wilhelmine Amalie of Brunswick (https://en.wikipedia.org/wiki/Wilhelmine_Amalie_of_Brunswick), Leopold I, Holy Roman Emperor (https://en.wikipedia.org/wiki/Leopold_I,_Holy_Roman_Emperor)]
ERROR: Johann V of Nassau-Vianden-Dietz has three parents: [Maria of Loon-Heinsberg (https://en.wikipedia.org/wiki/Maria_of_Loon-Heinsberg), Jan IV of Nassau (https://en.wikipedia.org/wiki/Jan_IV_of_Nassau), Henry III, Landgrave of Upper Hesse (https://en.wikipedia.org/wiki/Henry_III,_Landgrave_of_Upper_Hesse)]
ERROR: Prince Alexander of Hesse and by Rhine has three parents: [Princess Wilhelmine of Baden (https://en.wikipedia.org/wiki/Wilhelmine_of_Baden), August von Senarclens de Grancy (https://en.wikipedia.org/wiki/August_von_Senarclens_de_Grancy), Louis II, Grand Duke of Hesse (https://en.wikipedia.org/wiki/Louis_II,_Grand_Duke_of_Hesse)]
ERROR: Charles Edward, Duke of Saxe-Coburg and Gotha has three parents: [Prince Leopold, Duke of Albany (https://en.wikipedia.org/wiki/Prince_Leopold,_Duke_of_Albany), Princess Helen of Waldeck and Pyrmont (https://en.wikipedia.org/wiki/Princess_Helen_of_Waldeck_and_Pyrmont), Princess Victoria Adelaide of Schleswig-Holstein (https://en.wikipedia.org/wiki/Princess_Victoria_Adelaide_of_Schleswig-Holstein)]
ERROR: Maria of Swabia has three parents: [Philip of Swabia (https://en.wikipedia.org/wiki/Philip_of_Swabia), Byzantium (https://en.wikipedia.org/wiki/Byzantium), Irene Angelina (https://en.wikipedia.org/wiki/Irene_Angelina)]
ERROR: Anna Alojza Ostrogska has three parents: [Anna Kostka (https://en.wikipedia.org/wiki/Anna_Kostka), Ostrogski coat of arms (https://en.wikipedia.org/wiki/Ostrogski_coat_of_arms), Dąbrowa coat of arms (https://en.wikipedia.org/wiki/D%C4%85browa_coat_of_arms), Oleksander Ostrogski (https://en.wikipedia.org/wiki/Oleksander_Ostrogski)]
ERROR: Elias, Duke of Parma has three parents: [Robert I, Duke of Parma (https://en.wikipedia.org/wiki/Robert_I,_Duke_of_Parma), Princess Maria Pia of Bourbon-Two Sicilies (1849–1882) (https://en.wikipedia.org/wiki/Princess_Maria_Pia_of_Bourbon-Two_Sicilies_(1849%E2%80%931882)), Archduchess Maria Anna of Austria (born 1882) (https://en.wikipedia.org/wiki/Archduchess_Maria_Anna_of_Austria_(1882%E2%80%931940))]
ERROR: Aleksander Janusz Zasławski has three parents: [Władysław Dominik Zasławski (https://en.wikipedia.org/wiki/W%C5%82adys%C5%82aw_Dominik_Zas%C5%82awski), Janina coat of arms (https://en.wikipedia.org/wiki/Janina_coat_of_arms), Katarzyna Sobieska (https://en.wikipedia.org/wiki/Katarzyna_Sobieska)]
ERROR: Frederick, Prince of Hohenzollern has three parents: [William, Prince of Hohenzollern (https://en.wikipedia.org/wiki/William,_Prince_of_Hohenzollern), Princess Maria Teresa of Bourbon-Two Sicilies (1867–1909) (https://en.wikipedia.org/wiki/Princess_Maria_Teresa_of_Bourbon-Two_Sicilies), Archduchess Louise of Austria (https://en.wikipedia.org/wiki/Archduchess_Louise_of_Austria), Frederick Augustus III of Saxony (https://en.wikipedia.org/wiki/Frederick_Augustus_III_of_Saxony)]
ERROR: Marianna Lubomirska has three parents: [Józef Karol Lubomirski (https://en.wikipedia.org/wiki/J%C3%B3zef_Karol_Lubomirski), Teofila Ludwika Zasławska (https://en.wikipedia.org/wiki/Teofilia_Ludwika_Zas%C5%82awska), Hieronim Augustyn Lubomirski (https://en.wikipedia.org/wiki/Hieronim_Augustyn_Lubomirski)]
ERROR: Anna Sforza has three parents: [Galeazzo Maria Sforza (https://en.wikipedia.org/wiki/Galeazzo_Maria_Sforza), Bona of Savoy (https://en.wikipedia.org/wiki/Bona_of_Savoy), List of rulers of Milan (https://en.wikipedia.org/wiki/Dukes_of_Milan)]
ERROR: Grand Duke Michael Pavlovich of Russia has three parents: [Paul I of Russia (https://en.wikipedia.org/wiki/Paul_I_of_Russia), Maria Feodorovna (Sophie Dorothea of Württemberg) (https://en.wikipedia.org/wiki/Maria_Feodorovna_(Sophie_Dorothea_of_W%C3%BCrttemberg)), Princess Charlotte of Württemberg (https://en.wikipedia.org/wiki/Elena_Pavlovna_of_W%C3%BCrttemberg)]
ERROR: Franz Joseph, Prince of Hohenzollern-Emden has three parents: [William, Prince of Hohenzollern (https://en.wikipedia.org/wiki/William,_Prince_of_Hohenzollern), Princess Maria Teresa of Bourbon-Two Sicilies (1867–1909) (https://en.wikipedia.org/wiki/Princess_Maria_Teresa_of_Bourbon-Two_Sicilies), Archduchess Louise of Austria (https://en.wikipedia.org/wiki/Archduchess_Louise_of_Austria), Frederick Augustus III of Saxony (https://en.wikipedia.org/wiki/Frederick_Augustus_III_of_Saxony)]
ERROR: Jadwiga of Poland has three parents: [Władysław II Jagiełło (https://en.wikipedia.org/wiki/W%C5%82adys%C5%82aw_II_Jagie%C5%82%C5%82o), Elizabeth of Bosnia (https://en.wikipedia.org/wiki/Elizabeth_of_Bosnia), Louis I of Hungary (https://en.wikipedia.org/wiki/Louis_I_of_Hungary)]
ERROR: Prince Friedrich Wilhelm of Prussia has three parents: [Viktor II, Duke of Ratibor (https://en.wikipedia.org/wiki/Victor_II,_Duke_of_Ratibor), Prince Albert of Prussia (1837–1906) (https://en.wikipedia.org/wiki/Prince_Albert_of_Prussia_(1837%E2%80%931906)), Princess Marie of Saxe-Altenburg (1854–1898) (https://en.wikipedia.org/wiki/Princess_Marie_of_Saxe-Altenburg_(1854%E2%80%931898))]
ERROR: Iziaslav I of Kiev has three parents: [Yaroslav the Wise (https://en.wikipedia.org/wiki/Yaroslav_the_Wise), Ingegerd Olofsdotter of Sweden (https://en.wikipedia.org/wiki/Ingegerd_Olofsdotter_of_Sweden), Olof Skötkonung (https://en.wikipedia.org/wiki/Olof_Sk%C3%B6tkonung)]
ERROR: Archduchess Marie-Astrid of Austria has three parents: [Archduchess Yolande of Austria (https://en.wikipedia.org/wiki/Archduchess_Yolande_of_Austria), Princess Joséphine-Charlotte of Belgium (https://en.wikipedia.org/wiki/Princess_Jos%C3%A9phine_Charlotte_of_Belgium), Archduke Carl Ludwig of Austria (1918–2007) (https://en.wikipedia.org/wiki/Archduke_Carl_Ludwig_of_Austria_(1918%E2%80%932007)), Jean, Grand Duke of Luxembourg (https://en.wikipedia.org/wiki/Jean,_Grand_Duke_of_Luxembourg)]
ERROR: Michael I of Romania has three parents: [Carol II of Romania (https://en.wikipedia.org/wiki/Carol_II_of_Romania), Queen Anne of Romania (https://en.wikipedia.org/wiki/Queen_Anne_of_Romania), Helen of Greece and Denmark (https://en.wikipedia.org/wiki/Princess_Helen_of_Greece_and_Denmark)]
ERROR: Caterina Sforza has three parents: [Galeazzo Maria Sforza (https://en.wikipedia.org/wiki/Galeazzo_Maria_Sforza), Lucrezia Landriani (https://en.wikipedia.org/wiki/Lucrezia_Landriani), List of rulers of Milan (https://en.wikipedia.org/wiki/Dukes_of_Milan)]
ERROR: Adam Karol Czartoryski (https://en.wikipedia.org/wiki/Adam_Karol_Czartoryski) is a child of but is positioned to the BOTTOM of Augustyn Józef Czartoryski (https://en.wikipedia.org/wiki/Augustyn_J%C3%B3zef_Czartoryski)
ERROR: Adam Ludwik Czartoryski (https://en.wikipedia.org/wiki/Adam_Ludwik_Czartoryski) is a child of but is positioned to the BOTTOM of Princess Marguerite of Orléans (https://en.wikipedia.org/wiki/Princess_Marguerite_of_Orl%C3%A9ans)
ERROR: Anna Zofia Sapieha (https://en.wikipedia.org/wiki/Anna_Zofia_Sapieha) is a child of but is positioned to the BOTTOM of Zamoyski family (https://en.wikipedia.org/wiki/Anna_Zamoyska)
ERROR: Jan Zamoyski (died 1619) (https://en.wikipedia.org/wiki/Jan_Zamoyski_(XVI-1619)) is a child of but is positioned to the BOTTOM of Zamoyski family (https://en.wikipedia.org/wiki/Anna_Zamoyska)
ERROR: Zamoyski family (https://en.wikipedia.org/wiki/Anna_Zamoyska) is a child of but is positioned to the BOTTOM of Michał Zdzisław Zamoyski (https://en.wikipedia.org/wiki/Micha%C5%82_Zdzis%C5%82aw_Zamoyski)
ERROR: Zamoyski family (https://en.wikipedia.org/wiki/Anna_Zamoyska) is a child of but is positioned to the LEFT of Michał Zdzisław Zamoyski (https://en.wikipedia.org/wiki/Micha%C5%82_Zdzis%C5%82aw_Zamoyski)
ERROR: Tomasz Antoni Zamoyski (https://en.wikipedia.org/wiki/Tomasz_Antoni_Zamoyski) is a child of but is positioned to the BOTTOM of Michał Zdzisław Zamoyski (https://en.wikipedia.org/wiki/Micha%C5%82_Zdzis%C5%82aw_Zamoyski)
ERROR: Andrzej Zamoyski (https://en.wikipedia.org/wiki/Andrzej_Zamoyski) is a child of but is positioned to the BOTTOM of Michał Zdzisław Zamoyski (https://en.wikipedia.org/wiki/Micha%C5%82_Zdzis%C5%82aw_Zamoyski)
ERROR: Jan Jakub Zamoyski (https://en.wikipedia.org/wiki/Jan_Jakub_Zamoyski) is a child of but is positioned to the BOTTOM of Michał Zdzisław Zamoyski (https://en.wikipedia.org/wiki/Micha%C5%82_Zdzis%C5%82aw_Zamoyski)
ERROR: Leo Löwenstein (https://en.wikipedia.org/wiki/Leo_L%C3%B6wenstein) is a child of but is positioned to the BOTTOM of Alois-Konstantin, 9th Prince of Löwenstein-Wertheim-Rosenberg (https://en.wikipedia.org/wiki/Anastasia,_Princess_of_L%C3%B6wenstein-Wertheim-Rosenberg)
ERROR: Michał Zdzisław Zamoyski (https://en.wikipedia.org/wiki/Micha%C5%82_Zdzis%C5%82aw_Zamoyski) is a child of but is positioned to the BOTTOM of Marcin Zamoyski (https://en.wikipedia.org/wiki/Marcin_Zamoyski)
ERROR: Tomasz Józef Zamoyski (https://en.wikipedia.org/wiki/Tomasz_J%C3%B3zef_Zamoyski) is a child of but is positioned to the BOTTOM of Marcin Zamoyski (https://en.wikipedia.org/wiki/Marcin_Zamoyski)
ERROR: Witold Czartoryski (https://en.wikipedia.org/wiki/Witold_Czartoryski) is a child of but is positioned to the BOTTOM of Adam Jerzy Czartoryski (https://en.wikipedia.org/wiki/Adam_Jerzy_Czartoryski)
ERROR: Władysław Czartoryski (https://en.wikipedia.org/wiki/Prince_W%C5%82adys%C5%82aw_Czartoryski) is a child of but is positioned to the BOTTOM of Adam Jerzy Czartoryski (https://en.wikipedia.org/wiki/Adam_Jerzy_Czartoryski)
ERROR: Witold Czartoryski (https://en.wikipedia.org/wiki/Witold_Czartoryski) is a child of but is positioned to the BOTTOM of Anna Zofia Sapieha (https://en.wikipedia.org/wiki/Anna_Zofia_Sapieha)
ERROR: Władysław Czartoryski (https://en.wikipedia.org/wiki/Prince_W%C5%82adys%C5%82aw_Czartoryski) is a child of but is positioned to the BOTTOM of Anna Zofia Sapieha (https://en.wikipedia.org/wiki/Anna_Zofia_Sapieha)
ERROR: Władysław Stanisław Zamoyski (https://en.wikipedia.org/wiki/W%C5%82adys%C5%82aw_Stanis%C5%82aw_Zamoyski) is a child of but is positioned to the BOTTOM of Stanisław Kostka Zamoyski (https://en.wikipedia.org/wiki/Stanis%C5%82aw_Kostka_Zamoyski)
ERROR: Andrzej Artur Zamoyski (https://en.wikipedia.org/wiki/Andrzej_Artur_Zamoyski) is a child of but is positioned to the BOTTOM of Stanisław Kostka Zamoyski (https://en.wikipedia.org/wiki/Stanis%C5%82aw_Kostka_Zamoyski)
ERROR: Zdzisław Zamoyski (https://en.wikipedia.org/wiki/Zdzis%C5%82aw_Zamoyski) is a child of but is positioned to the BOTTOM of Stanisław Kostka Zamoyski (https://en.wikipedia.org/wiki/Stanis%C5%82aw_Kostka_Zamoyski)
ERROR: Alois-Konstantin, 9th Prince of Löwenstein-Wertheim-Rosenberg (https://en.wikipedia.org/wiki/Anastasia,_Princess_of_L%C3%B6wenstein-Wertheim-Rosenberg) is a child of but is positioned to the BOTTOM of Leo Löwenstein (https://en.wikipedia.org/wiki/Leo_L%C3%B6wenstein)
ERROR: Alois-Konstantin, 9th Prince of Löwenstein-Wertheim-Rosenberg (https://en.wikipedia.org/wiki/Anastasia,_Princess_of_L%C3%B6wenstein-Wertheim-Rosenberg) is a child of but is positioned to the LEFT of Leo Löwenstein (https://en.wikipedia.org/wiki/Leo_L%C3%B6wenstein)
ERROR: Władysław Stanisław Zamoyski (https://en.wikipedia.org/wiki/W%C5%82adys%C5%82aw_Stanis%C5%82aw_Zamoyski) is a child of but is positioned to the BOTTOM of Zofia Czartoryska (https://en.wikipedia.org/wiki/Zofia_Czartoryska)
ERROR: Andrzej Artur Zamoyski (https://en.wikipedia.org/wiki/Andrzej_Artur_Zamoyski) is a child of but is positioned to the BOTTOM of Zofia Czartoryska (https://en.wikipedia.org/wiki/Zofia_Czartoryska)
ERROR: Zdzisław Zamoyski (https://en.wikipedia.org/wiki/Zdzis%C5%82aw_Zamoyski) is a child of but is positioned to the BOTTOM of Zofia Czartoryska (https://en.wikipedia.org/wiki/Zofia_Czartoryska)
ERROR: Alois-Konstantin, 9th Prince of Löwenstein-Wertheim-Rosenberg (https://en.wikipedia.org/wiki/Anastasia,_Princess_of_L%C3%B6wenstein-Wertheim-Rosenberg) is a child of but is positioned to the BOTTOM of Prince Hubertus of Prussia (https://en.wikipedia.org/wiki/Prince_Hubertus_of_Prussia)
ERROR: Adam Karol Czartoryski (https://en.wikipedia.org/wiki/Adam_Karol_Czartoryski) is a child of but is positioned to the BOTTOM of Princess María de los Dolores of Bourbon-Two Sicilies (https://en.wikipedia.org/wiki/Princess_Mar%C3%ADa_de_los_Dolores_of_Bourbon-Two_Sicilies)
ERROR: Zdzisław Jan Zamoyski (https://en.wikipedia.org/wiki/Zdzis%C5%82aw_Jan_Zamoyski) is a child of but is positioned to the BOTTOM of Jan Zamoyski (died 1619) (https://en.wikipedia.org/wiki/Jan_Zamoyski_(XVI-1619))
ERROR: Stanisław Kostka Zamoyski (https://en.wikipedia.org/wiki/Stanis%C5%82aw_Kostka_Zamoyski) is a child of but is positioned to the BOTTOM of Andrzej Zamoyski (https://en.wikipedia.org/wiki/Andrzej_Zamoyski)
ERROR: Aleksander August Zamoyski (https://en.wikipedia.org/wiki/Aleksander_August_Zamoyski) is a child of but is positioned to the BOTTOM of Andrzej Zamoyski (https://en.wikipedia.org/wiki/Andrzej_Zamoyski)
ERROR: Alois-Konstantin, 9th Prince of Löwenstein-Wertheim-Rosenberg (https://en.wikipedia.org/wiki/Anastasia,_Princess_of_L%C3%B6wenstein-Wertheim-Rosenberg) is a child of but is positioned to the BOTTOM of Karl, 8th Prince of Löwenstein-Wertheim-Rosenberg (https://en.wikipedia.org/wiki/Karl,_8th_Prince_of_L%C3%B6wenstein-Wertheim-Rosenberg)
ERROR: August Czartoryski (https://en.wikipedia.org/wiki/August_Czartoryski) is a child of but is positioned to the BOTTOM of Władysław Czartoryski (https://en.wikipedia.org/wiki/Prince_W%C5%82adys%C5%82aw_Czartoryski)
ERROR: Adam Ludwik Czartoryski (https://en.wikipedia.org/wiki/Adam_Ludwik_Czartoryski) is a child of but is positioned to the BOTTOM of Władysław Czartoryski (https://en.wikipedia.org/wiki/Prince_W%C5%82adys%C5%82aw_Czartoryski)
ERROR: Marcin Zamoyski (https://en.wikipedia.org/wiki/Marcin_Zamoyski) is a child of but is positioned to the BOTTOM of Zdzisław Jan Zamoyski (https://en.wikipedia.org/wiki/Zdzis%C5%82aw_Jan_Zamoyski)
ERROR: Princess Malgorzata Izabella Czartoryska (https://en.wikipedia.org/wiki/Princess_Malgorzata_Izabella_Czartoryska) is a child of but is positioned to the BOTTOM of Maria Ludwika Krasińska (https://en.wikipedia.org/wiki/Maria_Ludwika_Krasi%C5%84ska)
ERROR: Stefan Adam Zamoyski (https://en.wikipedia.org/wiki/El%C5%BCbieta_Czartoryska_(1905-1989)) is a child of but is positioned to the BOTTOM of Maria Ludwika Krasińska (https://en.wikipedia.org/wiki/Maria_Ludwika_Krasi%C5%84ska)
ERROR: Augustyn Józef Czartoryski (https://en.wikipedia.org/wiki/Augustyn_J%C3%B3zef_Czartoryski) is a child of but is positioned to the BOTTOM of Maria Ludwika Krasińska (https://en.wikipedia.org/wiki/Maria_Ludwika_Krasi%C5%84ska)
ERROR: Princess Malgorzata Izabella Czartoryska (https://en.wikipedia.org/wiki/Princess_Malgorzata_Izabella_Czartoryska) is a child of but is positioned to the BOTTOM of Adam Ludwik Czartoryski (https://en.wikipedia.org/wiki/Adam_Ludwik_Czartoryski)
ERROR: Stefan Adam Zamoyski (https://en.wikipedia.org/wiki/El%C5%BCbieta_Czartoryska_(1905-1989)) is a child of but is positioned to the BOTTOM of Adam Ludwik Czartoryski (https://en.wikipedia.org/wiki/Adam_Ludwik_Czartoryski)
ERROR: Augustyn Józef Czartoryski (https://en.wikipedia.org/wiki/Augustyn_J%C3%B3zef_Czartoryski) is a child of but is positioned to the BOTTOM of Adam Ludwik Czartoryski (https://en.wikipedia.org/wiki/Adam_Ludwik_Czartoryski)
ERROR: Anna Zofia Sapieha (https://en.wikipedia.org/wiki/Anna_Zofia_Sapieha) is a child of but is positioned to the BOTTOM of Aleksander Antoni Sapieha (https://en.wikipedia.org/wiki/Aleksander_Antoni_Sapieha)

-----------------

Time to scrape wikipedia: 1468s
Time to assign (x,y) coordinates: 15ms
Time for pruned DFS with feline: 4801ms
Time for basic DFS with feline: 39494ms
Time for basic DFS without feline: 101544ms